ABC 82 5.99
AEF 89 1405.00
ALA 210 1405.00
AWF 97 100.01
FDR 5 75.50
GBS 1 92.74
GLD 187 53.00
HST 79 7.00
JBK 1 24.00
MJF 3 98.65
PDB 71 86.00
PLK 21 37.88
RBW 3 69.00
