ABA 24 56.00
ABC 82 6.00
AEF 89 1405.03
ALA 105 1405.00
AWF 5 0.45
FDR 5 75.50
GBS 1 92.74
GLD 178 53.00
HST 79 7.00
JBK 1 24.00
MJF 3 98.65
PDB 71 86.00
PLK 21 37.88
PRD 68 100.00
RBW 3 69.00
ZZZ 0 0.00
